Using launch settings from src\MediaEngine.Web\Properties\launchSettings.json...
info: Microsoft.Hosting.Lifetime[14]
      Now listening on: http://localhost:5016
info: Microsoft.Hosting.Lifetime[0]
      Application started. Press Ctrl+C to shut down.
info: Microsoft.Hosting.Lifetime[0]
      Hosting environment: Development
info: Microsoft.Hosting.Lifetime[0]
      Content root path: C:\Users\shaya\OneDrive\Documents\Source\Repos\tuvima-library\src\MediaEngine.Web
warn: Microsoft.AspNetCore.HttpsPolicy.HttpsRedirectionMiddleware[3]
      Failed to determine the https port for redirect.
info: MediaEngine.Web.Services.Integration.UIOrchestratorService[0]
      Intercom connected ? http://localhost:61495/intercom
info: System.Net.Http.HttpClient.IEngineApiClient.LogicalHandler[100]
      Start processing HTTP request GET http://localhost:61495/profiles
info: System.Net.Http.HttpClient.IEngineApiClient.ClientHandler[100]
      Sending HTTP request GET http://localhost:61495/profiles
info: System.Net.Http.HttpClient.IEngineApiClient.ClientHandler[101]
      Received HTTP response headers after 5.4454ms - 200
info: System.Net.Http.HttpClient.IEngineApiClient.LogicalHandler[101]
      End processing HTTP request after 12.5171ms - 200
info: System.Net.Http.HttpClient.IEngineApiClient.LogicalHandler[100]
      Start processing HTTP request GET http://localhost:61495/api/v1/display/home?*
info: System.Net.Http.HttpClient.IEngineApiClient.ClientHandler[100]
      Sending HTTP request GET http://localhost:61495/api/v1/display/home?*
info: MediaEngine.Web.Services.Integration.UIOrchestratorService[0]
      Intercom connected ? http://localhost:61495/intercom
info: System.Net.Http.HttpClient.IEngineApiClient.LogicalHandler[100]
      Start processing HTTP request GET http://localhost:61495/profiles
info: System.Net.Http.HttpClient.IEngineApiClient.ClientHandler[100]
      Sending HTTP request GET http://localhost:61495/profiles
info: System.Net.Http.HttpClient.IEngineApiClient.ClientHandler[101]
      Received HTTP response headers after 1.2439ms - 200
info: System.Net.Http.HttpClient.IEngineApiClient.LogicalHandler[101]
      End processing HTTP request after 1.3147ms - 200
info: System.Net.Http.HttpClient.IEngineApiClient.LogicalHandler[100]
      Start processing HTTP request GET http://localhost:61495/api/v1/display/home?*
info: System.Net.Http.HttpClient.IEngineApiClient.ClientHandler[100]
      Sending HTTP request GET http://localhost:61495/api/v1/display/home?*
info: MediaEngine.Web.Services.Integration.UIOrchestratorService[0]
      Intercom connected ? http://localhost:61495/intercom
info: System.Net.Http.HttpClient.IEngineApiClient.LogicalHandler[100]
      Start processing HTTP request GET http://localhost:61495/profiles
info: System.Net.Http.HttpClient.IEngineApiClient.ClientHandler[100]
      Sending HTTP request GET http://localhost:61495/profiles
info: System.Net.Http.HttpClient.IEngineApiClient.ClientHandler[101]
      Received HTTP response headers after 1.2365ms - 200
info: System.Net.Http.HttpClient.IEngineApiClient.LogicalHandler[101]
      End processing HTTP request after 1.2869ms - 200
info: System.Net.Http.HttpClient.IEngineApiClient.LogicalHandler[100]
      Start processing HTTP request GET http://localhost:61495/api/v1/display/home?*
info: System.Net.Http.HttpClient.IEngineApiClient.ClientHandler[100]
      Sending HTTP request GET http://localhost:61495/api/v1/display/home?*
info: MediaEngine.Web.Services.Integration.UIOrchestratorService[0]
      Intercom connected ? http://localhost:61495/intercom
info: System.Net.Http.HttpClient.IEngineApiClient.LogicalHandler[100]
      Start processing HTTP request GET http://localhost:61495/profiles
info: System.Net.Http.HttpClient.IEngineApiClient.ClientHandler[100]
      Sending HTTP request GET http://localhost:61495/profiles
info: System.Net.Http.HttpClient.IEngineApiClient.ClientHandler[101]
      Received HTTP response headers after 1.1254ms - 200
info: System.Net.Http.HttpClient.IEngineApiClient.LogicalHandler[101]
      End processing HTTP request after 1.1713ms - 200
info: System.Net.Http.HttpClient.IEngineApiClient.LogicalHandler[100]
      Start processing HTTP request GET http://localhost:61495/api/v1/display/home?*
info: System.Net.Http.HttpClient.IEngineApiClient.ClientHandler[100]
      Sending HTTP request GET http://localhost:61495/api/v1/display/home?*
info: System.Net.Http.HttpClient.IEngineApiClient.ClientHandler[101]
      Received HTTP response headers after 10330.2873ms - 200
info: System.Net.Http.HttpClient.IEngineApiClient.ClientHandler[101]
      Received HTTP response headers after 203.6147ms - 200
info: System.Net.Http.HttpClient.IEngineApiClient.LogicalHandler[101]
      End processing HTTP request after 203.6809ms - 200
info: System.Net.Http.HttpClient.IEngineApiClient.LogicalHandler[101]
      End processing HTTP request after 10330.4141ms - 200
info: System.Net.Http.HttpClient.IEngineApiClient.LogicalHandler[100]
      Start processing HTTP request GET http://localhost:61495/api/v1/display/home?*
info: System.Net.Http.HttpClient.IEngineApiClient.ClientHandler[100]
      Sending HTTP request GET http://localhost:61495/api/v1/display/home?*
warn: MediaEngine.Web.Services.Integration.UIOrchestratorService[0]
      Intercom closed: (null)
info: System.Net.Http.HttpClient.IEngineApiClient.ClientHandler[101]
      Received HTTP response headers after 96.8058ms - 200
info: System.Net.Http.HttpClient.IEngineApiClient.LogicalHandler[101]
      End processing HTTP request after 96.9662ms - 200
warn: MediaEngine.Web.Services.Integration.UIOrchestratorService[0]
      Intercom closed: (null)
info: System.Net.Http.HttpClient.IEngineApiClient.ClientHandler[101]
      Received HTTP response headers after 10923.7532ms - 200
info: System.Net.Http.HttpClient.IEngineApiClient.LogicalHandler[101]
      End processing HTTP request after 10923.818ms - 200
info: System.Net.Http.HttpClient.IEngineApiClient.LogicalHandler[100]
      Start processing HTTP request GET http://localhost:61495/api/v1/display/home?*
info: System.Net.Http.HttpClient.IEngineApiClient.ClientHandler[100]
      Sending HTTP request GET http://localhost:61495/api/v1/display/home?*
info: System.Net.Http.HttpClient.IEngineApiClient.ClientHandler[101]
      Received HTTP response headers after 65.0501ms - 200
info: System.Net.Http.HttpClient.IEngineApiClient.LogicalHandler[101]
      End processing HTTP request after 65.1413ms - 200
warn: MediaEngine.Web.Services.Integration.UIOrchestratorService[0]
      Intercom closed: (null)
info: System.Net.Http.HttpClient.IEngineApiClient.ClientHandler[101]
      Received HTTP response headers after 10262.9439ms - 200
info: System.Net.Http.HttpClient.IEngineApiClient.LogicalHandler[101]
      End processing HTTP request after 10263.0058ms - 200
info: System.Net.Http.HttpClient.IEngineApiClient.LogicalHandler[100]
      Start processing HTTP request GET http://localhost:61495/api/v1/display/home?*
info: System.Net.Http.HttpClient.IEngineApiClient.ClientHandler[100]
      Sending HTTP request GET http://localhost:61495/api/v1/display/home?*
info: System.Net.Http.HttpClient.IEngineApiClient.ClientHandler[101]
      Received HTTP response headers after 49.2297ms - 200
info: System.Net.Http.HttpClient.IEngineApiClient.LogicalHandler[101]
      End processing HTTP request after 49.3003ms - 200
warn: MediaEngine.Web.Services.Integration.UIOrchestratorService[0]
      Intercom closed: (null)
info: MediaEngine.Web.Services.Integration.UIOrchestratorService[0]
      Intercom connected ? http://localhost:61495/intercom
info: System.Net.Http.HttpClient.IEngineApiClient.LogicalHandler[100]
      Start processing HTTP request GET http://localhost:61495/profiles
info: System.Net.Http.HttpClient.IEngineApiClient.ClientHandler[100]
      Sending HTTP request GET http://localhost:61495/profiles
info: System.Net.Http.HttpClient.IEngineApiClient.ClientHandler[101]
      Received HTTP response headers after 0.4494ms - 200
info: System.Net.Http.HttpClient.IEngineApiClient.LogicalHandler[101]
      End processing HTTP request after 0.4911ms - 200
info: System.Net.Http.HttpClient.IEngineApiClient.LogicalHandler[100]
      Start processing HTTP request GET http://localhost:61495/api/v1/display/home?*
info: System.Net.Http.HttpClient.IEngineApiClient.ClientHandler[100]
      Sending HTTP request GET http://localhost:61495/api/v1/display/home?*
info: System.Net.Http.HttpClient.IEngineApiClient.ClientHandler[101]
      Received HTTP response headers after 51.0568ms - 200
info: System.Net.Http.HttpClient.IEngineApiClient.LogicalHandler[101]
      End processing HTTP request after 51.1149ms - 200
warn: MediaEngine.Web.Services.Integration.UIOrchestratorService[0]
      Intercom closed: (null)
info: MediaEngine.Web.Services.Integration.UIOrchestratorService[0]
      Intercom connected ? http://localhost:61495/intercom
info: System.Net.Http.HttpClient.IEngineApiClient.LogicalHandler[100]
      Start processing HTTP request GET http://localhost:61495/profiles
info: System.Net.Http.HttpClient.IEngineApiClient.ClientHandler[100]
      Sending HTTP request GET http://localhost:61495/profiles
info: System.Net.Http.HttpClient.IEngineApiClient.ClientHandler[101]
      Received HTTP response headers after 0.4399ms - 200
info: System.Net.Http.HttpClient.IEngineApiClient.LogicalHandler[101]
      End processing HTTP request after 0.4893ms - 200
info: System.Net.Http.HttpClient.IEngineApiClient.LogicalHandler[100]
      Start processing HTTP request GET http://localhost:61495/api/v1/display/home?*
info: System.Net.Http.HttpClient.IEngineApiClient.ClientHandler[100]
      Sending HTTP request GET http://localhost:61495/api/v1/display/home?*
info: System.Net.Http.HttpClient.IEngineApiClient.LogicalHandler[100]
      Start processing HTTP request GET http://localhost:61495/settings/ui/resolved?*
info: System.Net.Http.HttpClient.IEngineApiClient.ClientHandler[100]
      Sending HTTP request GET http://localhost:61495/settings/ui/resolved?*
info: System.Net.Http.HttpClient.IEngineApiClient.ClientHandler[101]
      Received HTTP response headers after 23.2127ms - 200
info: System.Net.Http.HttpClient.IEngineApiClient.LogicalHandler[101]
      End processing HTTP request after 23.2715ms - 200
info: System.Net.Http.HttpClient.IEngineApiClient.ClientHandler[101]
      Received HTTP response headers after 47.3837ms - 200
info: System.Net.Http.HttpClient.IEngineApiClient.LogicalHandler[101]
      End processing HTTP request after 47.4612ms - 200
info: System.Net.Http.HttpClient.IEngineApiClient.LogicalHandler[100]
      Start processing HTTP request GET http://localhost:61495/settings/server-general
info: System.Net.Http.HttpClient.IEngineApiClient.ClientHandler[100]
      Sending HTTP request GET http://localhost:61495/settings/server-general
info: System.Net.Http.HttpClient.IEngineApiClient.ClientHandler[101]
      Received HTTP response headers after 4.4181ms - 200
info: System.Net.Http.HttpClient.IEngineApiClient.LogicalHandler[101]
      End processing HTTP request after 4.4908ms - 200
info: System.Net.Http.HttpClient.IEngineApiClient.LogicalHandler[100]
      Start processing HTTP request GET http://localhost:61495/review/count
info: System.Net.Http.HttpClient.IEngineApiClient.ClientHandler[100]
      Sending HTTP request GET http://localhost:61495/review/count
info: System.Net.Http.HttpClient.IEngineApiClient.ClientHandler[101]
      Received HTTP response headers after 1.4804ms - 200
info: System.Net.Http.HttpClient.IEngineApiClient.LogicalHandler[101]
      End processing HTTP request after 1.5286ms - 200
info: System.Net.Http.HttpClient.IEngineApiClient.LogicalHandler[100]
      Start processing HTTP request GET http://localhost:61495/system/activity-status
info: System.Net.Http.HttpClient.IEngineApiClient.ClientHandler[100]
      Sending HTTP request GET http://localhost:61495/system/activity-status
info: System.Net.Http.HttpClient.IEngineApiClient.ClientHandler[101]
      Received HTTP response headers after 6.4269ms - 200
info: System.Net.Http.HttpClient.IEngineApiClient.LogicalHandler[101]
      End processing HTTP request after 6.4861ms - 200
info: System.Net.Http.HttpClient.IEngineApiClient.LogicalHandler[100]
      Start processing HTTP request GET http://localhost:61495/system/status
info: System.Net.Http.HttpClient.IEngineApiClient.ClientHandler[100]
      Sending HTTP request GET http://localhost:61495/system/status
info: System.Net.Http.HttpClient.IEngineApiClient.ClientHandler[101]
      Received HTTP response headers after 0.5856ms - 200
info: System.Net.Http.HttpClient.IEngineApiClient.LogicalHandler[101]
      End processing HTTP request after 0.6319ms - 200
info: System.Net.Http.HttpClient.IEngineApiClient.LogicalHandler[100]
      Start processing HTTP request GET http://localhost:61495/api/v1/display/home?*
info: System.Net.Http.HttpClient.IEngineApiClient.ClientHandler[100]
      Sending HTTP request GET http://localhost:61495/api/v1/display/home?*
info: System.Net.Http.HttpClient.IEngineApiClient.ClientHandler[101]
      Received HTTP response headers after 62.4281ms - 200
info: System.Net.Http.HttpClient.IEngineApiClient.LogicalHandler[101]
      End processing HTTP request after 62.5103ms - 200
